---
source: activity/fly-http/impl/src/machine.rs
expression: machine
---
Machine {
    config: MachineConfig {
        image: "getobelisk/obelisk:0.24.1-ubuntu",
        guest: Some(
            GuestConfig {
                cpu-kind: Some(
                    CpuKind::Shared,
                ),
                cpus: Some(
                    1,
                ),
                memory-mb: Some(
                    256,
                ),
                kernel-args: None,
            },
        ),
        auto-destroy: None,
        init: Some(
            InitConfig {
                cmd: None,
                entrypoint: None,
                exec: None,
                kernel-args: None,
                swap-size-mb: Some(
                    256,
                ),
                tty: None,
            },
        ),
        env: None,
        restart: Some(
            MachineRestart {
                max-retries: None,
                policy: RestartPolicy::OnFailure,
            },
        ),
        stop-config: None,
        mounts: None,
        services: None,
    },
    created-at: "2025-09-10T12:03:04Z",
    updated-at: "2025-09-10T12:03:07Z",
    id: "080155df097248",
    instance-id: "01K4SR42ZPDHHCN70QNZKVPK48",
    name: "machine",
    state: MachineState::Started,
    region: Region::Ams,
    host-status: HostStatus::Ok,
}
