---
source: activity-fly-http/src/volume.rs
expression: volume
---
Volume {
    id: "vol_vjeylkgg6gll7j94",
    name: "my_app_vol",
    state: "created",
    region: Region::Ams,
    size-gb: 1,
    encrypted: true,
    attached-machine-id: None,
    host-status: "ok",
    created-at: "2025-09-13T09:27:18.803Z",
    blocks: 0,
    block-size: 0,
    blocks-free: 0,
    blocks-avail: 0,
    bytes-used: 0,
    bytes-total: 0,
}
